```
sh$ fdisk -l
|[
    Disk /dev/vda: 53.7 GB, 53687091200 bytes, 104857600 sectors         
    Units = sectors of 1 * 512 = 512 bytes
    Sector size (logical/physical): 512 bytes / 512 bytes
    I/O size (minimum/optimal): 512 bytes / 512 bytes
    Disk label type: dos
    Disk identifier: 0x0005fc9a
    
    Device Boot      Start         End      Blocks   Id  System        
    /dev/vda1   *        2048   104857599    52427776   83  Linux
    
    Disk /dev/vdb: 21.5 GB, 21474836480 bytes, 41943040 sectors
    Units = sectors of 1 * 512 = 512 bytes
    Sector size (logical/physical): 512 bytes / 512 bytes
    I/O size (minimum/optimal): 512 bytes / 512 bytes
    
    Disk /dev/vdc: 21.5 GB, 21474836480 bytes, 41943040 sectors        
    Units = sectors of 1 * 512 = 512 bytes
    Sector size (logical/physical): 512 bytes / 512 bytes
    I/O size (minimum/optimal): 512 bytes / 512 bytes
]|
```

```
sh$ ls -l /dev/disk/by-id/
|[
lrwxrwxrwx 1 root root 9 Dec  2 23:18 virtio-disk-fr3gdk4t -> ../../vdc
]|

sh$ file -s /dev/vdc
    /dev/vdc: Linux rev 1.0 ext4 filesystem data, UUID=24f2cfbf-1476-4d30-9261-ac2ea1790ca0 (needs journal recovery) (extents) (64bit) (large files) (huge files)
```

# 磁盘分区
# 格式化磁盘
ext4 (RHEL 7.1 only)
xfs (RHEL 7.2 and higher)

mkfs.ext4 /dev/vdb   # 格式化为 ext4
mkfs.xfs /dev/vdb    # 格式化为  xfs

sh$ df -T


# mount
mkdir -p /mnt/part1
mount /dev/vdb /mnt/part1


# Disk Benchmark 
```
/dev/null  伪设备，相当于回收站，对它写入不会产生IO
/dev/zero  伪设备，只产生空字符流，不会产生IO
```
## dd

* bs  每次读/写块大小
* count  读/写块数量
* bs * count = 总数据量


```
dd bs=1M count=256 if=/dev/zero of=test
dd bs=1M count=256 if=/dev/zero of=test; sync
dd bs=1M count=256 if=/dev/zero of=test conv=fdatasync    # Recommend
dd bs=1M count=256 if=/dev/zero of=test oflag=dsync


# read benchmark
dd if=${disk} of=/dev/null bs=4k

# write benchmark
dd if=/dev/zero of=${disk} bs=4k

# both read and write 
dd if=${disk} of=${disk} bs=4k

```


```
sh$ time dd if=/dev/zero of=test.dbf bs=8k count=300000
|[
    300000+0 records in
    300000+0 records out
    
    real 0m36.669s
    user 0m0.185s
    sys 0m9.340s
]|

Write Speed = bs * count / time
            = 8k * 30000 / 36.669
            = 6545 k/s
            = 6.29 M/s
```



































